replicaset-definition.yml

apiVersion: apps/v1
kind: ReplicaSet
metadata:
	name: myapp-replicaset
	labels: 
    app: myapp
    type: front-end
spec:
  template:
	   metadata:
      name: myapp-pod
      labels: 
        app: myapp
        type: front-end
     spec:
      containers:
        - name: nginx-container
          image: nginx
  replica: 3
  selector: 
    matchLabels:
      app: myapp
      
Commands:      
root@ip-10-0-130-192:~# kubectl create -f replicaset-definition.yml
replicaset.apps/myapp-replicaset created

root@ip-10-0-130-192:~# kubectl get replicasets
NAME               DESIRED   CURRENT   READY   AGE
myapp-replicaset   3         3         3       40s

root@ip-10-0-130-192:~# kubectl get pods
NAME                     READY   STATUS    RESTARTS   AGE
myapp-replicaset-4cckq   1/1     Running   0          55s
myapp-replicaset-sw9dz   1/1     Running   0          55s
myapp-replicaset-wt5hb   1/1     Running   0          55s

root@ip-10-0-130-192:~# kubectl get pods -o wide
NAME                     READY   STATUS    RESTARTS   AGE   IP                NODE             NOMINATED NODE   READINESS GATES
myapp-replicaset-4cckq   1/1     Running   0          89s   192.168.104.133   ip-10-0-128-82   <none>           <none>
myapp-replicaset-sw9dz   1/1     Running   0          89s   192.168.0.4       ip-10-0-130-88   <none>           <none>
myapp-replicaset-wt5hb   1/1     Running   0          89s   192.168.0.5       ip-10-0-130-88   <none>           <none>


root@ip-10-0-130-192:~# kubectl describe replicasets
Name:         myapp-replicaset
Namespace:    default
Selector:     app=myapp
Labels:       app=myapp
              type=front-end
Annotations:  <none>
Replicas:     3 current / 3 desired
Pods Status:  3 Running / 0 Waiting / 0 Succeeded / 0 Failed
Pod Template:
  Labels:  app=myapp
           type=front-end
  Containers:
   nginx-container:
    Image:        nginx
    Port:         <none>
    Host Port:    <none>
    Environment:  <none>
    Mounts:       <none>
  Volumes:        <none>
Events:
  Type    Reason            Age   From                   Message
  ----    ------            ----  ----                   -------
  Normal  SuccessfulCreate  2m6s  replicaset-controller  Created pod: myapp-replicaset-sw9dz
  Normal  SuccessfulCreate  2m6s  replicaset-controller  Created pod: myapp-replicaset-wt5hb
  Normal  SuccessfulCreate  2m6s  replicaset-controller  Created pod: myapp-replicaset-4cckq

Post to the updation of replica: 3 --> replica: 5
root@ip-10-0-130-192:~# kubectl replace -f replicaset-definition.yml
replicaset.apps/myapp-replicaset replaced

root@ip-10-0-130-192:~# kubectl get replicasets
NAME               DESIRED   CURRENT   READY   AGE
myapp-replicaset   5         5         5       9m19s
root@ip-10-0-130-192:~# kubectl get pods
NAME                     READY   STATUS    RESTARTS   AGE
myapp-replicaset-4cckq   1/1     Running   0          9m27s
myapp-replicaset-cgzxw   1/1     Running   0          96s
myapp-replicaset-lqpl7   1/1     Running   0          96s
myapp-replicaset-sw9dz   1/1     Running   0          9m27s
myapp-replicaset-wt5hb   1/1     Running   0          9m27s


root@ip-10-0-130-192:~# kubectl scale --replicas=6 -f replicaset-definition.yml
replicaset.apps/myapp-replicaset scaled


root@ip-10-0-130-192:~# kubectl get replicasets
NAME               DESIRED   CURRENT   READY   AGE
myapp-replicaset   6         6         6       12m


root@ip-10-0-130-192:~# kubectl get pods
NAME                     READY   STATUS    RESTARTS   AGE
myapp-replicaset-4cckq   1/1     Running   0          9m27s
myapp-replicaset-cgzxw   1/1     Running   0          96s
myapp-replicaset-lqpl7   1/1     Running   0          96s
myapp-replicaset-sw9dz   1/1     Running   0          9m27s
myapp-replicaset-wt5hb   1/1     Running   0          9m27s
